#select
| test_free.cpp:14:10:14:10 | a | test_free.cpp:11:10:11:10 | a | test_free.cpp:14:10:14:10 | a | Potential Double free of 'a' may have $@. | test_free.cpp:11:10:11:10 | a | been previously freed |
| test_free.cpp:14:10:14:10 | a | test_free.cpp:11:10:11:10 | a | test_free.cpp:14:10:14:10 | a | Potential Double free of 'a' may have $@. | test_free.cpp:11:10:11:10 | a | been previously freed |
| test_free.cpp:14:10:14:10 | a | test_free.cpp:11:10:11:10 | a | test_free.cpp:14:10:14:10 | a | Potential Double free of 'a' may have $@. | test_free.cpp:11:10:11:10 | a | been previously freed |
| test_free.cpp:14:10:14:10 | a | test_free.cpp:11:10:11:10 | a | test_free.cpp:14:10:14:10 | a | Potential Double free of 'a' may have $@. | test_free.cpp:11:10:11:10 | a | been previously freed |
| test_free.cpp:31:27:31:27 | a | test_free.cpp:30:10:30:10 | a | test_free.cpp:31:27:31:27 | a | Potential Double free of 'a' may have $@. | test_free.cpp:30:10:30:10 | a | been previously freed |
| test_free.cpp:37:27:37:27 | a | test_free.cpp:35:10:35:10 | a | test_free.cpp:37:27:37:27 | a | Potential Double free of 'a' may have $@. | test_free.cpp:35:10:35:10 | a | been previously freed |
| test_free.cpp:46:10:46:10 | a | test_free.cpp:42:27:42:27 | a | test_free.cpp:46:10:46:10 | a | Potential Double free of 'a' may have $@. | test_free.cpp:42:27:42:27 | a | been previously freed |
| test_free.cpp:46:10:46:10 | a | test_free.cpp:42:27:42:27 | a | test_free.cpp:46:10:46:10 | a | Potential Double free of 'a' may have $@. | test_free.cpp:42:27:42:27 | a | been previously freed |
| test_free.cpp:46:10:46:10 | a | test_free.cpp:42:27:42:27 | a | test_free.cpp:46:10:46:10 | a | Potential Double free of 'a' may have $@. | test_free.cpp:42:27:42:27 | a | been previously freed |
| test_free.cpp:46:10:46:10 | a | test_free.cpp:42:27:42:27 | a | test_free.cpp:46:10:46:10 | a | Potential Double free of 'a' may have $@. | test_free.cpp:42:27:42:27 | a | been previously freed |
| test_free.cpp:46:10:46:10 | a | test_free.cpp:44:27:44:27 | a | test_free.cpp:46:10:46:10 | a | Potential Double free of 'a' may have $@. | test_free.cpp:44:27:44:27 | a | been previously freed |
| test_free.cpp:46:10:46:10 | a | test_free.cpp:44:27:44:27 | a | test_free.cpp:46:10:46:10 | a | Potential Double free of 'a' may have $@. | test_free.cpp:44:27:44:27 | a | been previously freed |
| test_free.cpp:46:10:46:10 | a | test_free.cpp:44:27:44:27 | a | test_free.cpp:46:10:46:10 | a | Potential Double free of 'a' may have $@. | test_free.cpp:44:27:44:27 | a | been previously freed |
| test_free.cpp:46:10:46:10 | a | test_free.cpp:44:27:44:27 | a | test_free.cpp:46:10:46:10 | a | Potential Double free of 'a' may have $@. | test_free.cpp:44:27:44:27 | a | been previously freed |
| test_free.cpp:51:10:51:10 | a | test_free.cpp:50:27:50:27 | a | test_free.cpp:51:10:51:10 | a | Potential Double free of 'a' may have $@. | test_free.cpp:50:27:50:27 | a | been previously freed |
| test_free.cpp:72:14:72:14 | a | test_free.cpp:69:10:69:10 | a | test_free.cpp:72:14:72:14 | a | Potential Double free of 'a' may have $@. | test_free.cpp:69:10:69:10 | a | been previously freed |
| test_free.cpp:72:14:72:14 | a | test_free.cpp:69:10:69:10 | a | test_free.cpp:72:14:72:14 | a | Potential Double free of 'a' may have $@. | test_free.cpp:69:10:69:10 | a | been previously freed |
| test_free.cpp:72:14:72:14 | a | test_free.cpp:69:10:69:10 | a | test_free.cpp:72:14:72:14 | a | Potential Double free of 'a' may have $@. | test_free.cpp:69:10:69:10 | a | been previously freed |
| test_free.cpp:72:14:72:14 | a | test_free.cpp:69:10:69:10 | a | test_free.cpp:72:14:72:14 | a | Potential Double free of 'a' may have $@. | test_free.cpp:69:10:69:10 | a | been previously freed |
| test_free.cpp:103:10:103:10 | a | test_free.cpp:101:10:101:10 | a | test_free.cpp:103:10:103:10 | a | Potential Double free of 'a' may have $@. | test_free.cpp:101:10:101:10 | a | been previously freed |
| test_free.cpp:154:10:154:10 | a | test_free.cpp:152:27:152:27 | a | test_free.cpp:154:10:154:10 | a | Potential Double free of 'a' may have $@. | test_free.cpp:152:27:152:27 | a | been previously freed |
| test_free.cpp:154:10:154:10 | a | test_free.cpp:152:27:152:27 | a | test_free.cpp:154:10:154:10 | a | Potential Double free of 'a' may have $@. | test_free.cpp:152:27:152:27 | a | been previously freed |
| test_free.cpp:154:10:154:10 | a | test_free.cpp:152:27:152:27 | a | test_free.cpp:154:10:154:10 | a | Potential Double free of 'a' may have $@. | test_free.cpp:152:27:152:27 | a | been previously freed |
| test_free.cpp:154:10:154:10 | a | test_free.cpp:152:27:152:27 | a | test_free.cpp:154:10:154:10 | a | Potential Double free of 'a' may have $@. | test_free.cpp:152:27:152:27 | a | been previously freed |
| test_free.cpp:209:10:209:10 | a | test_free.cpp:207:10:207:10 | a | test_free.cpp:209:10:209:10 | a | Potential Double free of 'a' may have $@. | test_free.cpp:207:10:207:10 | a | been previously freed |
| test_free.cpp:209:10:209:10 | a | test_free.cpp:207:10:207:10 | a | test_free.cpp:209:10:209:10 | a | Potential Double free of 'a' may have $@. | test_free.cpp:207:10:207:10 | a | been previously freed |
| test_free.cpp:209:10:209:10 | a | test_free.cpp:207:10:207:10 | a | test_free.cpp:209:10:209:10 | a | Potential Double free of 'a' may have $@. | test_free.cpp:207:10:207:10 | a | been previously freed |
| test_free.cpp:209:10:209:10 | a | test_free.cpp:207:10:207:10 | a | test_free.cpp:209:10:209:10 | a | Potential Double free of 'a' may have $@. | test_free.cpp:207:10:207:10 | a | been previously freed |
| test_free.cpp:287:10:287:10 | a | test_free.cpp:286:27:286:27 | a | test_free.cpp:287:10:287:10 | a | Potential Double free of 'a' may have $@. | test_free.cpp:286:27:286:27 | a | been previously freed |
edges
| test.cpp:28:7:28:12 | array1 | file://:0:0:0:0 | array1 |
| test.cpp:33:7:33:12 | array2 | file://:0:0:0:0 | array2 |
| test.cpp:34:7:34:12 | array7 | file://:0:0:0:0 | array7 |
| test.cpp:44:7:44:12 | array3 | file://:0:0:0:0 | array3 |
| test.cpp:45:7:45:12 | array5 | file://:0:0:0:0 | array5 |
| test.cpp:50:7:50:12 | array6 | file://:0:0:0:0 | array6 |
| test.cpp:75:7:75:12 | array1 | file://:0:0:0:0 | array1 |
| test.cpp:80:7:80:12 | array2 | file://:0:0:0:0 | array2 |
| test.cpp:81:7:81:12 | array7 | file://:0:0:0:0 | array7 |
| test.cpp:91:7:91:12 | array3 | file://:0:0:0:0 | array3 |
| test.cpp:92:7:92:12 | array5 | file://:0:0:0:0 | array5 |
| test.cpp:97:7:97:12 | array6 | file://:0:0:0:0 | array6 |
| test.cpp:125:8:125:9 | v1 | test.cpp:125:8:125:9 | v1 |
| test.cpp:126:8:126:9 | i2 | test.cpp:126:8:126:9 | i2 |
| test.cpp:127:8:127:9 | i3 | test.cpp:127:8:127:9 | i3 |
| test.cpp:128:8:128:16 | v4 | test.cpp:128:8:128:16 | v4 |
| test.cpp:128:15:128:16 | v4 | test.cpp:128:8:128:16 | v4 |
| test.cpp:128:15:128:16 | v4 | test.cpp:128:8:128:16 | v4 |
| test.cpp:185:10:185:12 | cpy | test.cpp:185:10:185:12 | cpy |
| test.cpp:199:10:199:12 | cpy | test.cpp:199:10:199:12 | cpy |
| test_free.cpp:11:10:11:10 | a | test_free.cpp:11:10:11:10 | a |
| test_free.cpp:11:10:11:10 | a | test_free.cpp:12:5:12:5 | a |
| test_free.cpp:12:5:12:5 | a | test_free.cpp:12:5:12:5 | a |
| test_free.cpp:12:5:12:5 | a | test_free.cpp:13:6:13:6 | a |
| test_free.cpp:13:6:13:6 | a | test_free.cpp:14:10:14:10 | a |
| test_free.cpp:14:10:14:10 | a | test_free.cpp:14:10:14:10 | a |
| test_free.cpp:16:10:16:10 | a | test_free.cpp:16:10:16:10 | a |
| test_free.cpp:18:18:18:18 | a | test_free.cpp:18:18:18:18 | a |
| test_free.cpp:23:10:23:10 | a | test_free.cpp:23:10:23:10 | a |
| test_free.cpp:25:10:25:10 | a | test_free.cpp:25:10:25:10 | a |
| test_free.cpp:26:10:26:10 | b | test_free.cpp:26:10:26:10 | b |
| test_free.cpp:30:10:30:10 | a | test_free.cpp:30:10:30:10 | a |
| test_free.cpp:30:10:30:10 | a | test_free.cpp:31:27:31:27 | a |
| test_free.cpp:31:27:31:27 | a | test_free.cpp:31:27:31:27 | a |
| test_free.cpp:35:10:35:10 | a | test_free.cpp:35:10:35:10 | a |
| test_free.cpp:35:10:35:10 | a | test_free.cpp:37:9:37:17 | Phi |
| test_free.cpp:37:9:37:17 | Phi | test_free.cpp:37:27:37:27 | a |
| test_free.cpp:37:27:37:27 | a | test_free.cpp:37:27:37:27 | a |
| test_free.cpp:42:27:42:27 | a | test_free.cpp:42:27:42:27 | a |
| test_free.cpp:42:27:42:27 | a | test_free.cpp:43:9:43:17 | Phi |
| test_free.cpp:43:9:43:17 | Phi | test_free.cpp:43:22:43:22 | a |
| test_free.cpp:43:9:43:17 | Phi | test_free.cpp:44:9:44:17 | Phi |
| test_free.cpp:43:22:43:22 | a | test_free.cpp:43:22:43:22 | a |
| test_free.cpp:43:22:43:22 | a | test_free.cpp:44:9:44:17 | Phi |
| test_free.cpp:44:9:44:17 | Phi | test_free.cpp:44:27:44:27 | a |
| test_free.cpp:44:9:44:17 | Phi | test_free.cpp:45:12:45:12 | Phi |
| test_free.cpp:44:27:44:27 | a | test_free.cpp:44:27:44:27 | a |
| test_free.cpp:44:27:44:27 | a | test_free.cpp:45:12:45:12 | Phi |
| test_free.cpp:45:5:45:5 | a | test_free.cpp:45:5:45:5 | a |
| test_free.cpp:45:5:45:5 | a | test_free.cpp:46:10:46:10 | a |
| test_free.cpp:45:12:45:12 | Phi | test_free.cpp:45:5:45:5 | a |
| test_free.cpp:46:10:46:10 | a | test_free.cpp:46:10:46:10 | a |
| test_free.cpp:50:27:50:27 | a | test_free.cpp:50:27:50:27 | a |
| test_free.cpp:50:27:50:27 | a | test_free.cpp:51:5:51:8 | Phi |
| test_free.cpp:51:5:51:8 | Phi | test_free.cpp:51:10:51:10 | a |
| test_free.cpp:51:10:51:10 | a | test_free.cpp:51:10:51:10 | a |
| test_free.cpp:55:27:55:27 | a | test_free.cpp:55:27:55:27 | a |
| test_free.cpp:57:10:57:10 | a | test_free.cpp:57:10:57:10 | a |
| test_free.cpp:61:10:61:10 | a | test_free.cpp:61:10:61:10 | a |
| test_free.cpp:63:10:63:10 | b | test_free.cpp:63:10:63:10 | b |
| test_free.cpp:69:10:69:10 | a | test_free.cpp:69:10:69:10 | a |
| test_free.cpp:69:10:69:10 | a | test_free.cpp:71:9:71:9 | a |
| test_free.cpp:71:9:71:9 | a | test_free.cpp:71:9:71:9 | a |
| test_free.cpp:71:9:71:9 | a | test_free.cpp:72:14:72:14 | a |
| test_free.cpp:72:14:72:14 | a | test_free.cpp:72:14:72:14 | a |
| test_free.cpp:90:10:90:10 | a | test_free.cpp:90:10:90:10 | a |
| test_free.cpp:95:10:95:10 | a | test_free.cpp:95:10:95:10 | a |
| test_free.cpp:101:10:101:10 | a | test_free.cpp:101:10:101:10 | a |
| test_free.cpp:101:10:101:10 | a | test_free.cpp:102:23:102:23 | a |
| test_free.cpp:102:23:102:23 | a | test_free.cpp:102:23:102:23 | a |
| test_free.cpp:102:23:102:23 | a | test_free.cpp:103:10:103:10 | a |
| test_free.cpp:103:10:103:10 | a | test_free.cpp:103:10:103:10 | a |
| test_free.cpp:104:10:104:10 | b | test_free.cpp:104:10:104:10 | b |
| test_free.cpp:112:14:112:14 | a | test_free.cpp:112:14:112:14 | a |
| test_free.cpp:114:10:114:10 | b | test_free.cpp:114:10:114:10 | b |
| test_free.cpp:119:17:119:17 | b | test_free.cpp:119:17:119:17 | b |
| test_free.cpp:121:14:121:14 | a | test_free.cpp:121:14:121:14 | a |
| test_free.cpp:148:10:148:17 | list_ptr | test_free.cpp:148:10:148:17 | list_ptr |
| test_free.cpp:152:27:152:27 | a | test_free.cpp:152:27:152:27 | a |
| test_free.cpp:152:27:152:27 | a | test_free.cpp:153:15:153:20 | Phi |
| test_free.cpp:153:5:153:5 | a | test_free.cpp:153:5:153:5 | a |
| test_free.cpp:153:5:153:5 | a | test_free.cpp:154:10:154:10 | a |
| test_free.cpp:153:15:153:20 | Phi | test_free.cpp:153:5:153:5 | a |
| test_free.cpp:154:10:154:10 | a | test_free.cpp:154:10:154:10 | a |
| test_free.cpp:162:10:162:10 | a | test_free.cpp:162:10:162:10 | a |
| test_free.cpp:173:10:173:10 | a | test_free.cpp:173:10:173:10 | a |
| test_free.cpp:181:10:181:10 | a | test_free.cpp:181:10:181:10 | a |
| test_free.cpp:183:10:183:10 | a | test_free.cpp:183:10:183:10 | a |
| test_free.cpp:185:10:185:10 | a | test_free.cpp:185:10:185:10 | a |
| test_free.cpp:188:10:188:10 | a | test_free.cpp:188:10:188:10 | a |
| test_free.cpp:193:20:193:20 | a | test_free.cpp:193:20:193:20 | a |
| test_free.cpp:199:20:199:20 | a | test_free.cpp:199:20:199:20 | a |
| test_free.cpp:205:10:205:10 | a | test_free.cpp:205:10:205:10 | a |
| test_free.cpp:207:10:207:10 | a | test_free.cpp:207:10:207:10 | a |
| test_free.cpp:207:10:207:10 | a | test_free.cpp:208:52:208:52 | Phi |
| test_free.cpp:208:52:208:52 | Phi | test_free.cpp:209:5:209:8 | Phi |
| test_free.cpp:209:5:209:8 | Phi | test_free.cpp:209:10:209:10 | a |
| test_free.cpp:209:10:209:10 | a | test_free.cpp:209:10:209:10 | a |
| test_free.cpp:213:10:213:10 | a | test_free.cpp:213:10:213:10 | a |
| test_free.cpp:216:10:216:10 | a | test_free.cpp:216:10:216:10 | a |
| test_free.cpp:220:10:220:10 | a | test_free.cpp:220:10:220:10 | a |
| test_free.cpp:233:10:233:10 | a | test_free.cpp:233:10:233:10 | a |
| test_free.cpp:237:26:237:26 | a | test_free.cpp:237:26:237:26 | a |
| test_free.cpp:242:27:242:27 | a | test_free.cpp:242:27:242:27 | a |
| test_free.cpp:251:10:251:10 | b | test_free.cpp:251:10:251:10 | b |
| test_free.cpp:267:10:267:10 | a | test_free.cpp:267:10:267:10 | a |
| test_free.cpp:273:10:273:10 | a | test_free.cpp:273:10:273:10 | a |
| test_free.cpp:278:10:278:10 | a | test_free.cpp:278:10:278:10 | a |
| test_free.cpp:282:26:282:26 | a | test_free.cpp:282:26:282:26 | a |
| test_free.cpp:286:27:286:27 | a | test_free.cpp:286:27:286:27 | a |
| test_free.cpp:286:27:286:27 | a | test_free.cpp:287:10:287:10 | a |
| test_free.cpp:287:10:287:10 | a | test_free.cpp:287:10:287:10 | a |
| test_free.cpp:296:10:296:10 | a | test_free.cpp:296:10:296:10 | a |
| test_free.cpp:300:10:300:10 | a | test_free.cpp:300:10:300:10 | a |
| test_free.cpp:305:32:305:32 | a | test_free.cpp:305:32:305:32 | a |
| test_free.cpp:306:10:306:10 | a | test_free.cpp:306:10:306:10 | a |
| test_free.cpp:310:10:310:10 | a | test_free.cpp:310:10:310:10 | a |
