| test_free.cpp:36:22:36:35 | ... = ... | This memory allocation may not be released at $@. | test_free.cpp:38:1:38:1 | return ... | this exit point |
| test_free.cpp:301:5:301:18 | ... = ... | This memory allocation may not be released at $@. | test_free.cpp:302:1:302:1 | return ... | this exit point |
